// Jest Snapshot v1, https://goo.gl/fbAQLP

exports[`Button component test Button title renders correctly with props 1`] = `
<div
  className="button"
  icon="M608 192h160v-192h-160c-123.514 0-224 100.486-224 224v96h-128v192h128v512h192v-512h160l32-192h-192v-96c0-17.346 14.654-32 32-32z"
  iconLeft={false}
  iconRight={true}
>
  subscribe
  <Icon
    icon="M608 192h160v-192h-160c-123.514 0-224 100.486-224 224v96h-128v192h128v512h192v-512h160l32-192h-192v-96c0-17.346 14.654-32 32-32z"
    size={20}
  />
</div>
`;

exports[`Button component test Button title renders correctly without props 1`] = `
<div
  className="button"
  iconLeft={true}
  iconRight={false}
>
  Button
</div>
`;
