// Jest Snapshot v1, https://goo.gl/fbAQLP

exports[`PrivateRoute HOC test PrivateRoute will pass and render component 1`] = `
<Route
  render={[Function]}
  to="/"
/>
`;

exports[`PrivateRoute HOC test PrivateRoute will redirect to /signin route 1`] = `
<Route
  render={[Function]}
  to="/"
/>
`;
