// Jest Snapshot v1, https://goo.gl/fbAQLP

exports[`ScrollToTop HOC test ScrollToTop HOC with children 1`] = `
<Route
  render={[Function]}
/>
`;

exports[`ScrollToTop HOC test ScrollToTop HOC without children 1`] = `
<Route
  render={[Function]}
/>
`;
